\BOOKMARK [1][-]{bm:Title.1}{\376\377\000T\000i\000t\000l\000e\000\040\000P\000a\000g\000e}{}% 1
\BOOKMARK [1][-]{bm:Abstract.1}{\376\377\000A\000b\000s\000t\000r\000a\000c\000t}{}% 2
\BOOKMARK [1][-]{section.1}{\376\377\004\022\004\062\004\065\004\064\004\065\004\075\004\070\004\065}{}% 3
\BOOKMARK [1][-]{section.2}{\376\377\004\037\004\100\004\065\004\064\004\074\004\065\004\102\004\075\004\060\004\117\000\040\004\076\004\061\004\073\004\060\004\101\004\102\004\114}{}% 4
\BOOKMARK [2][-]{subsection.2.1}{\376\377\004\041\004\065\004\102\004\065\004\062\004\113\004\065\000\040\004\077\004\100\004\076\004\106\004\065\004\101\004\101\004\076\004\100\004\075\004\113\004\065\000\040\004\103\004\101\004\102\004\100\004\076\004\071\004\101\004\102\004\062\004\060}{section.2}% 5
\BOOKMARK [2][-]{subsection.2.2}{\376\377\004\020\004\100\004\105\004\070\004\102\004\065\004\072\004\102\004\103\004\100\004\060\000\040\000R\000M\000T}{section.2}% 6
\BOOKMARK [2][-]{subsection.2.3}{\376\377\004\037\004\100\004\076\004\063\004\100\004\060\004\074\004\074\004\060\000\040\004\076\004\061\004\100\004\060\004\061\004\076\004\102\004\072\004\070\000\040\004\077\004\060\004\072\004\065\004\102\004\076\004\062\000\040\004\070\000\040\004\117\004\067\004\113\004\072\000\040\000P\0004}{section.2}% 7
\BOOKMARK [2][-]{subsection.2.4}{\376\377\004\023\004\100\004\060\004\104\000\040\004\067\004\060\004\062\004\070\004\101\004\070\004\074\004\076\004\101\004\102\004\065\004\071\000\040\004\070\000\040\004\062\004\070\004\064\004\113\000\040\004\067\004\060\004\062\004\070\004\101\004\070\004\074\004\076\004\101\004\102\004\065\004\071\000\040\004\062\004\075\004\103\004\102\004\100\004\070\000\040\004\102\004\060\004\061\004\073\004\070\004\106\000\040\000P\0004}{section.2}% 8
\BOOKMARK [1][-]{section.3}{\376\377\004\046\004\065\004\073\004\114\000\040\004\100\004\060\004\061\004\076\004\102\004\113\000\040\004\070\000\040\004\077\004\076\004\101\004\102\004\060\004\075\004\076\004\062\004\072\004\060\000\040\004\067\004\060\004\064\004\060\004\107\004\070}{}% 9
\BOOKMARK [2][-]{subsection.3.1}{\376\377\004\020\004\072\004\102\004\103\004\060\004\073\004\114\004\075\004\076\004\101\004\102\004\114\000\040\004\100\004\060\004\061\004\076\004\102\004\113}{section.3}% 10
\BOOKMARK [2][-]{subsection.3.2}{\376\377\004\046\004\065\004\073\004\114\000\040\004\100\004\060\004\061\004\076\004\102\004\113}{section.3}% 11
\BOOKMARK [2][-]{subsection.3.3}{\376\377\004\037\004\076\004\101\004\102\004\060\004\075\004\076\004\062\004\072\004\060\000\040\004\067\004\060\004\064\004\060\004\107\004\070}{section.3}% 12
\BOOKMARK [1][-]{section.4}{\376\377\004\036\004\061\004\067\004\076\004\100\000\040\004\101\004\103\004\111\004\065\004\101\004\102\004\062\004\103\004\116\004\111\004\070\004\105\000\040\004\060\004\073\004\063\004\076\004\100\004\070\004\102\004\074\004\076\004\062}{}% 13
\BOOKMARK [2][-]{subsection.4.1}{\376\377\000N\000P\000-\004\102\004\100\004\103\004\064\004\075\004\076\004\101\004\102\004\114\000\040\004\067\004\060\004\064\004\060\004\107\004\070\000\040\004\100\004\060\004\067\004\074\004\065\004\111\004\065\004\075\004\070\004\117\000\040\004\102\004\060\004\061\004\073\004\070\004\106}{section.4}% 14
\BOOKMARK [2][-]{subsection.4.2}{\376\377\004\042\004\076\004\107\004\075\004\113\004\065\000\040\004\074\004\065\004\102\004\076\004\064\004\113\000:\000\040\004\106\004\065\004\073\004\076\004\107\004\070\004\101\004\073\004\065\004\075\004\075\004\076\004\065\000\040\004\073\004\070\004\075\004\065\004\071\004\075\004\076\004\065\000\040\004\077\004\100\004\076\004\063\004\100\004\060\004\074\004\074\004\070\004\100\004\076\004\062\004\060\004\075\004\070\004\065\000\040\000\050\000I\000L\000P\000\051}{section.4}% 15
\BOOKMARK [2][-]{subsection.4.3}{\376\377\004\026\004\060\004\064\004\075\004\113\004\065\000\040\004\115\004\062\004\100\004\070\004\101\004\102\004\070\004\072\004\070}{section.4}% 16
\BOOKMARK [2][-]{subsection.4.4}{\376\377\004\022\004\113\004\062\004\076\004\064\004\113\000\040\004\077\004\076\000\040\004\076\004\061\004\067\004\076\004\100\004\103}{section.4}% 17
\BOOKMARK [1][-]{section.5}{\376\377\004\040\004\065\004\060\004\073\004\070\004\067\004\076\004\062\004\060\004\075\004\075\004\113\004\065\000\040\004\060\004\073\004\063\004\076\004\100\004\070\004\102\004\074\004\113}{}% 18
\BOOKMARK [2][-]{subsection.5.1}{\376\377\004\023\004\076\004\100\004\070\004\067\004\076\004\075\004\102\004\060\004\073\004\114\004\075\004\076\004\065\000\040\004\100\004\060\004\067\004\100\004\065\004\067\004\060\004\075\004\070\004\065\000\040\004\102\004\060\004\061\004\073\004\070\004\106}{section.5}% 19
\BOOKMARK [2][-]{subsection.5.2}{\376\377\004\034\004\075\004\076\004\063\004\076\004\077\004\100\004\076\004\105\004\076\004\064\004\075\004\113\004\071\000\040\000F\000F\000D}{section.5}% 20
\BOOKMARK [2][-]{subsection.5.3}{\376\377\000F\000F\000L\000S}{section.5}% 21
\BOOKMARK [1][-]{section.6}{\376\377\004\036\004\077\004\070\004\101\004\060\004\075\004\070\004\065\000\040\004\060\004\100\004\105\004\070\004\102\004\065\004\072\004\102\004\103\004\100\004\113\000\040\004\100\004\065\004\060\004\073\004\070\004\067\004\076\004\062\004\060\004\075\004\075\004\113\004\105\000\040\004\060\004\073\004\063\004\076\004\100\004\070\004\102\004\074\004\076\004\062}{}% 22
\BOOKMARK [2][-]{subsection.6.1}{\376\377\004\041\004\102\004\100\004\103\004\072\004\102\004\103\004\100\004\060\000\040\004\072\004\076\004\064\004\060\000\040\004\070\000\040\004\076\004\101\004\075\004\076\004\062\004\075\004\113\004\065\000\040\004\074\004\076\004\064\004\103\004\073\004\070}{section.6}% 23
\BOOKMARK [1][-]{section.7}{\376\377\004\055\004\072\004\101\004\077\004\065\004\100\004\070\004\074\004\065\004\075\004\102\004\060\004\073\004\114\004\075\004\076\004\065\000\040\004\070\004\101\004\101\004\073\004\065\004\064\004\076\004\062\004\060\004\075\004\070\004\065}{}% 24
\BOOKMARK [2][-]{subsection.7.1}{\376\377\004\034\004\065\004\102\004\076\004\064\004\070\004\072\004\060\000\040\004\115\004\072\004\101\004\077\004\065\004\100\004\070\004\074\004\065\004\075\004\102\004\060\004\073\004\114\004\075\004\076\004\063\004\076\000\040\004\070\004\101\004\101\004\073\004\065\004\064\004\076\004\062\004\060\004\075\004\070\004\117}{section.7}% 25
\BOOKMARK [2][-]{subsection.7.2}{\376\377\004\020\004\075\004\060\004\073\004\070\004\067\000\040\004\077\004\076\004\073\004\103\004\107\004\065\004\075\004\075\004\113\004\105\000\040\004\100\004\065\004\067\004\103\004\073\004\114\004\102\004\060\004\102\004\076\004\062}{section.7}% 26
\BOOKMARK [3][-]{subsubsection.7.2.1}{\376\377\004\040\004\065\004\067\004\103\004\073\004\114\004\102\004\060\004\102\004\113\000\040\004\101\004\100\004\060\004\062\004\075\004\065\004\075\004\070\004\117\000\040\004\060\004\073\004\063\004\076\004\100\004\070\004\102\004\074\004\076\004\062\000\040\004\077\004\076\000\040\004\062\004\100\004\065\004\074\004\065\004\075\004\070\000\040\004\062\004\113\004\077\004\076\004\073\004\075\004\065\004\075\004\070\004\117}{subsection.7.2}% 27
\BOOKMARK [3][-]{subsubsection.7.2.2}{\376\377\004\040\004\065\004\067\004\103\004\073\004\114\004\102\004\060\004\102\004\113\000\040\004\101\004\100\004\060\004\062\004\075\004\065\004\075\004\070\004\117\000\040\004\060\004\073\004\063\004\076\004\100\004\070\004\102\004\074\004\076\004\062\000\040\004\077\004\076\000\040\004\072\004\076\004\073\004\070\004\107\004\065\004\101\004\102\004\062\004\103\000\040\004\101\004\102\004\060\004\064\004\070\004\071}{subsection.7.2}% 28
\BOOKMARK [1][-]{section.8}{\376\377\004\027\004\060\004\072\004\073\004\116\004\107\004\065\004\075\004\070\004\065}{}% 29
\BOOKMARK [1][-]{section*.9}{\376\377\004\041\004\077\004\070\004\101\004\076\004\072\000\040\004\073\004\070\004\102\004\065\004\100\004\060\004\102\004\103\004\100\004\113}{}% 30
